success
success
success
success
QOE1OHX4
S3KQ5WSN QOE1OHX4 1.4
