success
success
success
success
success
success
success
success
success
success
success
success
success
success
success
success
success
success
success
success
success
success
success
success
success
E2O01NIM 3HPW808I 42.2
success
W2WZ22QF SEIFN0PW BT27ZH9J E2O01NIM
UE5RR6S5 47F258HW 33.9
success
W2WZ22QF E2O01NIM 3HPW808I BT27ZH9J
success
success
BT27ZH9J W2WZ22QF 1.1
BT27ZH9J 3HPW808I 13.4
