success
success
success
success
success
success
success
success
success
success
success
success
success
success
success
success
success
success
success
success
success
success
success
success
success
JP82BULI PYCKBU6Q 25.8
PYCKBU6Q J5IFNZMP 6.9
success
I0G9TBJD JP82BULI
JP82BULI PVYDYRR8 I0G9TBJD FD3D8EUL ETFP6QBI 19.8
success
I0G9TBJD ETFP6QBI JP82BULI
J5IFNZMP ETFP6QBI I0G9TBJD
JP82BULI J5IFNZMP PYCKBU6Q I0G9TBJD 11
IH76NS0Q I0G9TBJD 17.8
