success
success
success
success
success
success
success
success
success
success
success
success
success
success
success
success
success
success
success
success
success
success
success
success
success
success
GLMHTMNB QNVET9Z0 24.2

X3DA3OGE YJ2Q6FXH QNVET9Z0 15.3
success
X3DA3OGE YJ2Q6FXH QNVET9Z0 GLMHTMNB
success
GLMHTMNB QNVET9Z0 24.2
DUR0C31Z YJ2Q6FXH
DUR0C31Z BFWGFLD2
