success
success
success
success
RGPXFACQ
KR2A1OD4 RGPXFACQ 9.5
