success
success
success
success
IMFII3DY
8XD5LCTC IMFII3DY 3
