success
success
success
success
DX16SOSW
I3Y9RHAQ DX16SOSW 3.2
