success
success
success
success
success
success
success
success
success
success
success
success
success
success
success
success
success
success
success
success
success
success
success
success
success
J45F3NWR UERCIK82
success
JQ753OIK Y0AWLUUN 25
success
success
3BURPWXO SXA506HI
success
ZHZYL5A9 4QREPUTO SXA506HI 10.9
UERCIK82 4QREPUTO
4QREPUTO
