success
success
success
success
success
success
success
success
success
success
success
success
success
success
success
success
success
success
success
success
success
success
success
success
success
EPQJ9QBL J1NXSFJK KBLJLUN3 PU9R5IBF G9LSSOVF XHCJS2B1 37.6
success
J1NXSFJK G9LSSOVF 33.1
H0W9S9RD R0TBTOZ5 4.4
XHCJS2B1 KBLJLUN3 H0W9S9RD
J1NXSFJK G9LSSOVF 33.1
J1NXSFJK G9LSSOVF 33.1
J1NXSFJK G9LSSOVF 33.1
XHCJS2B1
XHCJS2B1
