success
success
success
success
success
success
success
success
success
success
success
success
success
success
success
success
success
success
success
success
success
success
success
success
success
success
WKP8BS5S B7BHOYK4 8.4
3OYA78SV
WKP8BS5S 3OYA78SV J9RMT92H 14.4
J9RMT92H 3OYA78SV DTLOQPU3 15.7
DTLOQPU3 BDJBYSRR 01Q4Y7KX
B7BHOYK4 3OYA78SV
DTLOQPU3 BDJBYSRR 01Q4Y7KX
GI1RWG4C WKP8BS5S DTLOQPU3 J9RMT92H
B7BHOYK4 3OYA78SV
