success
success
success
success
success
success
success
success
success
success
success
success
success
success
success
success
success
success
success
success
success
success
success
success
success
SSXOWTDM P88NPQ14 V0BCY05V 17.8
V0BCY05V SSXOWTDM
LMKQ94PW IY65F9XJ P88NPQ14
success
SSXOWTDM LMKQ94PW 806ZRQHM P2GFJJXI 21.3
success
806ZRQHM P2GFJJXI 9.1
P2GFJJXI P88NPQ14 29.1
DCCWNAAI IY65F9XJ
SSXOWTDM LMKQ94PW 806ZRQHM P2GFJJXI 21.3
