success
success
success
success
1Y3OWQGG
M5BCN4DX 1Y3OWQGG 5.2
