success
success
success
success
CNL3N9EI
T6FV3BHH CNL3N9EI 0.7
