success
success
success
success
success
success
success
success
success
success
success
success
success
success
success
success
success
success
success
success
success
success
success
success
success
G2OHRE2P 5VOVMEXZ EEHWMDSH SWV1K7EY 21.8
ONOP1IA0 XODLPFR5 34.7
5VOVMEXZ ONOP1IA0 ZLONYWHL
EEHWMDSH SWV1K7EY 5.5
EEHWMDSH 5VOVMEXZ UWG16RFA 17.6
ONOP1IA0 XODLPFR5 34.7
G2OHRE2P 5VOVMEXZ 7.8
EEHWMDSH UWG16RFA ZLONYWHL
64ITJ4YK 5VOVMEXZ WE8K6JHB ZLONYWHL
success
