success
success
success
success
success
success
success
success
success
success
success
success
success
success
success
success
success
success
success
success
success
success
success
success
success
RVC99DHY GKWRM3Z4 YUHR14OZ SX2BZUAL
SX2BZUAL RVC99DHY MGE70TJG 9.4
success
9ALDMF59 GKWRM3Z4
success
R91XA6BF 9ALDMF59 2.3
success

R91XA6BF YUHR14OZ 19.8
success
