success
success
success
success
success
success
success
success
success
success
success
success
success
success
success
success
success
success
success
success
success
success
success
success
success
UQSBP0FQ 82RD7MIA 5YY4VB2D
1DCFWR9S NCGAHPWD UQSBP0FQ
NCGAHPWD 6CU9XBI2 29
success
NCGAHPWD 6CU9XBI2 29
NCGAHPWD 6CU9XBI2 29
UQSBP0FQ NCGAHPWD DS7D3PWN
DS7D3PWN 5YY4VB2D 4.5
6CU9XBI2 1DCFWR9S JTUCH3KI 14.2
1DCFWR9S JTUCH3KI 4.8
