success
success
success
success
06LTRWVF
9BAOZFFK 06LTRWVF 3.2
