success
success
success
success
success
success
success
success
success
success
success
success
success
success
success
success
success
success
success
success
success
success
success
success
success
REJ604LG UD7XIAFP
success
97IKPYBQ 2SA65DGH 35.6
success
CZ73MGTM VEL3P6W0 9.4
success
WIGZAO28 UD7XIAFP 32.4
CZ73MGTM UD7XIAFP YUBRTXM9 12.3
WIGZAO28 UD7XIAFP 32.4
QY4KZBO7 WIGZAO28 5.3
