success
success
success
success
success
success
success
success
success
success
success
success
success
success
success
success
success
success
success
success
success
success
success
success
success
KQ5MLXBQ 4G6U3CSU 3LR62DDT 17.5
3LR62DDT HGVD0HKD 27.9
3LR62DDT HGVD0HKD 27.9
success
3LR62DDT WRZ8LORG 25.3
J9DDJ34R 4G6U3CSU 3LR62DDT 12.8
S82LR233
S82LR233
3LR62DDT WRZ8LORG 25.3
J9DDJ34R HJ408U0B
