success
success
success
success
success
success
success
success
success
success
success
success
success
success
success
success
success
success
success
success
success
success
success
success
success
J28IA6AT B7Z9OQVT 7DJYIB28 Y8U2LSMZ 16
V41MVMF9 NR5N32NX
7DJYIB28 L78R9JBB ENZDBS2M J28IA6AT B7Z9OQVT
DMH01CWK B7Z9OQVT
ENZDBS2M NR5N32NX 5.7
success
K587VC8A ENZDBS2M 23.6
7DJYIB28
success
7DJYIB28 L78R9JBB 5.4
