success
success
success
success
success
success
success
success
success
success
success
success
success
success
success
success
success
success
success
success
success
success
success
success
success
011EEAIM HHSB604F 38.3
KJCL5M5U 95X6HTOR LD1SJ7IO TMY3Q1JQ
success
R8JJNBRW IKLPUB76 5ORJF6EN 6FQ7RJ5I
011EEAIM HHSB604F 38.3
success
success
success
5ORJF6EN 95X6HTOR 24.4
success
