success
success
success
success
success
success
success
success
success
success
success
success
success
success
success
success
success
success
success
success
success
success
success
success
success
UT3LHDM9 OYYABW87 7ZQA0QYF
UT3LHDM9 N22CM7B6 28.7
MRRX4FAW SFLY3MWC LMWWZQST 12.4
UT3LHDM9 N22CM7B6 28.7
success
SFLY3MWC OYYABW87 27.1
SFLY3MWC MRRX4FAW 7ZQA0QYF 7UDKGMP5 UT3LHDM9 21.2
SFLY3MWC OYYABW87 27.1
success
success
