success
success
success
success
BK0Q1FF0
EA8KTFEX BK0Q1FF0 4.1
