success
success
success
success
13BZTLKH
EJTROTCY 13BZTLKH 4.8
