success
success
success
success
success
success
success
success
success
success
success
success
success
success
success
success
success
success
success
success
success
success
success
success
success
D8LGTJVJ 2YVERNHB 22.3
D8LGTJVJ 2YVERNHB 22.3
success
success
PDV3HUXE 2JO8HN0J
D8LGTJVJ 2YVERNHB 22.3
YSDHO01T AZEZNMAF 6.5
D8LGTJVJ 2YVERNHB 22.3
PDV3HUXE YSDHO01T 7.9
success
