success
success
success
success
success
success
success
success
success
success
success
success
success
success
success
success
success
success
success
success
success
success
success
success
success
success
success
B0Z1QJSH PIZS716T
TJDTSETK
I326F37M JGCCAKL7
success
success

TJDTSETK L88P0XX9 PIZS716T 18.7
success
