success
success
success
success
success
success
success
success
success
success
success
success
success
success
success
success
success
success
success
success
success
success
success
success
success
PSN91B3E OSGYV00E 38.1
success
W9M1P7WZ VK8IF0N9 R62Z3FHR
BAPWNNUE R62Z3FHR W9M1P7WZ 13.2
MLMROB6G OSGYV00E 33.5
OSGYV00E BAPWNNUE 8.2
MLMROB6G OSGYV00E 33.5
BAPWNNUE VK8IF0N9
MLMROB6G OSGYV00E 33.5
UPFE22FU BAPWNNUE GENGD3NZ OARAXSVJ W9M1P7WZ
