success
success
success
success
success
success
success
success
success
success
success
success
success
success
success
success
success
success
success
success
success
success
success
success
success
DDLUUB6Q S3PR1PYE HGKZA6ZY PMUE2DAE 27.7
1Z03QOED OWRYJXG9 HGKZA6ZY S3PR1PYE 66BG46AZ 32.6
1Z03QOED DTYRB83P 36.6
DDLUUB6Q V0I9E059 1Z03QOED HGKZA6ZY
1Z03QOED DTYRB83P 36.6
66BG46AZ OWRYJXG9
66BG46AZ OWRYJXG9
success
success
success
