success
success
success
success
DXQXM83R
ISFMXRHE DXQXM83R 8.3
