success
success
success
success
success
success
success
success
success
success
success
success
success
success
success
success
success
success
success
success
success
success
success
success
success
RFH2LFC3 CDEI3F4O XDFSGHR7 044P4S4G 13.7
D1X2WJOP CDEI3F4O 4.5
XDFSGHR7 044P4S4G 1.6
XDFSGHR7 RFH2LFC3 B8P7R80V
OBGZ5S75 TFS38VWL 22.2
success
TFS38VWL D1X2WJOP CDEI3F4O RFH2LFC3 17.1
RFH2LFC3 B8P7R80V 24.3
RFH2LFC3 B8P7R80V 24.3
TFS38VWL D1X2WJOP CDEI3F4O XDFSGHR7 044P4S4G 12.4
