success
success
success
success
BZM4OYTU
1A6YIJSN BZM4OYTU 1.7
