success
success
success
success
success
success
success
success
success
success
success
success
success
success
success
success
success
success
success
success
success
success
success
success
success
31NQ1WWF LTI8YSW6 KGDK0ORJ 17
KLFDWJZ2 U5E3IXCH 28.4
KLFDWJZ2 U5E3IXCH 28.4
KLFDWJZ2 GFR957Q8 KGDK0ORJ U5E3IXCH 31NQ1WWF
success
YTR51T83 534BZ6ZQ 9.1
success
31NQ1WWF YTR51T83 534BZ6ZQ 15.7
success
UYWJLAU8 534BZ6ZQ 21.9
