success
success
success
success
KYBGQ86I
2WEQQ97S KYBGQ86I 3.3
