success
success
success
success
success
success
success
success
success
success
success
success
success
success
success
success
success
success
success
success
success
success
success
success
success
SDKK387P SYTFMEH7 8CP2LXQM TDGXZWPM XYY15PFS
U4MH233M XYY15PFS 31.6
WETK9KRU 8CP2LXQM SDKK387P 13.1
QKPD8D07 DU4VYO2B
success
WETK9KRU TDGXZWPM U4MH233M 10.4
HS08MT0W U4MH233M 30.9
WETK9KRU 8CP2LXQM 9.3
success
SYTFMEH7 WETK9KRU TDGXZWPM U4MH233M 19.9
