success
success
success
success
success
success
success
success
success
success
success
success
success
success
success
success
success
success
success
success
success
success
success
success
success
QQ3Z7J6F AEKFKT7A L6WV4JIE
G7FW51JK BP72WPPY 5.5
D06ZXA78 VX7TP3OC 8.8
L6WV4JIE VX7TP3OC 23.9
L6WV4JIE VX7TP3OC 23.9
G7FW51JK RFCNZ2UF
AEKFKT7A BP72WPPY G7FW51JK VX7TP3OC
L6WV4JIE VX7TP3OC 23.9
L6WV4JIE VX7TP3OC 23.9
success
