success
success
success
success
success
success
success
success
success
success
success
success
success
success
success
success
success
success
success
success
success
success
success
success
success
417CN28T QEP6NXIL MY0RA1IW
EH4X96JH MY0RA1IW VPWQ3Q05 417CN28T UENSPOXW 31.7
success
success
79LGGXFC EH4X96JH 26.5
success
VPWQ3Q05 417CN28T TRPPF51K 11.9
TRPPF51K 417CN28T
success
UENSPOXW VPWQ3Q05 14.5
