success
success
success
success
success
success
success
success
success
success
success
success
success
success
success
success
success
success
success
success
success
success
success
success
success
Z92EQYHF G9Y0N161 2.9
success
success
0CYSE59T TXKT7RC1 20.8
G9Y0N161 9AG6KS10 0CYSE59T
success
success
TXKT7RC1 8P7UFTLL 2.2
TXKT7RC1 DOR05IBS
G9Y0N161 DOR05IBS 8P7UFTLL 7.7
