success
success
success
success
success
success
success
success
success
success
success
success
success
success
success
success
success
success
success
success
success
success
success
success
success
FIPQ20MC 6F09X1TU 5
FMR9T3YL 1J7FAHJM XHH0EVB1
1J7FAHJM OJXEQ5T8 23.9
NFMAXALY FIPQ20MC
NFMAXALY FMR9T3YL 6.7
1J7FAHJM SQB4GFHW 6F09X1TU
success
success
1J7FAHJM OJXEQ5T8 23.9
OJXEQ5T8 NFMAXALY FMR9T3YL 13.4
