success
success
success
success
success
success
success
success
success
success
success
success
success
success
success
success
success
success
success
success
success
success
success
success
success
277T8X66 ADY0VXY8 31.4
VI5BXWJS SPV2LD6N ADPTEMHH
success
CNLJTIRN ADY0VXY8
277T8X66 ADY0VXY8 31.4
CACE9IYB VI5BXWJS 6ZTACV7R SPV2LD6N
success
success
277T8X66 2K125FZR 22.2
VI5BXWJS SPV2LD6N ADPTEMHH
