success
success
success
success
success
success
success
success
success
success
success
success
success
success
success
success
success
success
success
success
success
success
success
success
success
success
success
2IJOI8YI 1UQIIZ0N UX7NK9CV QKMP7TOY
success
success
success
UX7NK9CV
ZI23RP0U
ZI23RP0U
