success
success
success
success
CFUHM0UY
68ZHARD1 CFUHM0UY 9.5
