success
success
success
success
R7ZBO7QJ
BYH7O15H R7ZBO7QJ 9.4
