success
success
success
success
success
success
success
success
success
success
success
success
success
success
success
success
success
success
success
success
success
success
success
success
success
success
success
success
5HXNTPNO T8PE6BO5 19.1
FKBHMA52
5HXNTPNO T8PE6BO5 19.1
5HXNTPNO T8PE6BO5 19.1
5HXNTPNO T8PE6BO5 19.1
5HXNTPNO T8PE6BO5 19.1
5HXNTPNO T8PE6BO5 19.1
