success
success
success
success
N2XYORU9
X745BX4T N2XYORU9 8.5
