success
success
success
success
HRMSE1OR
V2CZW9DZ HRMSE1OR 8
