success
success
success
success
success
success
success
success
success
success
success
success
success
success
success
success
success
success
success
success
success
success
success
success
success
PKRMU5F1
83CRCRWD 7BBXWDRA HPGTHA8S 38MWXV7A 24.6
success
ZE3JWMJS
M50G8MQP 5QSR8XVF 40.1
7BBXWDRA XTD2OEWD HPGTHA8S
success
7BBXWDRA XTD2OEWD HPGTHA8S
M50G8MQP 5QSR8XVF 40.1
success
