success
success
success
success
success
success
success
success
success
success
success
success
success
success
success
success
success
success
success
success
success
success
success
success
success
success
LW2FNPRT IXOFJGIE 22
success
ULSN3KKS LW2FNPRT 3.6
LW2FNPRT S59IZ0D7 25.5
1BKHT4PQ 39K85IIQ 2C2XDR8G 14.1
LW2FNPRT S59IZ0D7 25.5
success
39K85IIQ 2C2XDR8G DRWI83EV 14.5
success
