success
success
success
success
AYIO4M8F
H4QAO86U AYIO4M8F 9.5
