success
success
success
success
success
success
success
success
success
success
success
success
success
success
success
success
success
success
success
success
success
success
success
success
success
2X7DMY1U AYGJWT35 29.4
HM6XW440 YEKR2TFK 2X7DMY1U U634DJRD
2X7DMY1U HM6XW440
BW0DPLY1 038CQ66P 90OMIQYT PQBWSZ1Y
2X7DMY1U AYGJWT35 29.4
2X7DMY1U AYGJWT35 29.4
2X7DMY1U AYGJWT35 29.4
2X7DMY1U AYGJWT35 29.4
success
success
