success
success
success
success
success
success
success
success
success
success
success
success
success
success
success
success
success
success
success
success
success
success
success
success
success
MV40PNUL XWLTY346 HSDTVQXW 13.3
success
success
L8UDQXP0 MM5NQE2R
F1222OYH MM5NQE2R 9.9
L8UDQXP0 MM5NQE2R
MM5NQE2R XWLTY346 32.5
success
F1222OYH MM5NQE2R X3E5MVWI 11.6
XWLTY346 B1RQY2F6
